
> shiftmgmt-v3-4@0.4.4 release:package
> npm run release:check && npm run package:win


> shiftmgmt-v3-4@0.4.4 release:check
> node scripts/release-check.mjs

RELEASE_CHECK_OK

> shiftmgmt-v3-4@0.4.4 package:win
> npm run build && electron-builder --win nsis --publish never


> shiftmgmt-v3-4@0.4.4 build
> npm run typecheck && npm run build:renderer && npm run build:electron


> shiftmgmt-v3-4@0.4.4 typecheck
> tsc --noEmit -p tsconfig.json && tsc --noEmit -p tsconfig.electron.json


> shiftmgmt-v3-4@0.4.4 build:renderer
> vite build

[36mvite v7.3.2 [32mbuilding client environment for production...[36m[39m
transforming...
[32m✓[39m 704 modules transformed.
rendering chunks...
computing gzip size...
[2mdist/[22m[32mindex.html                                       [39m[1m[2m  0.61 kB[22m[1m[22m[2m │ gzip:   0.37 kB[22m
[2mdist/[22m[32massets/brand-logo-clean-C-YhMwpl.png             [39m[1m[2m164.16 kB[22m[1m[22m
[2mdist/[22m[35massets/index-BZK8cxnA.css                        [39m[1m[2m257.93 kB[22m[1m[22m[2m │ gzip:  43.05 kB[22m
[2mdist/[22m[36massets/action-result-dialog-DSsb5L-u.js          [39m[1m[2m  0.16 kB[22m[1m[22m[2m │ gzip:   0.16 kB[22m
[2mdist/[22m[36massets/formatCurrency-BheCimQt.js                [39m[1m[2m  0.27 kB[22m[1m[22m[2m │ gzip:   0.16 kB[22m
[2mdist/[22m[36massets/allowance-rate-service-Bk9wI4Fo.js        [39m[1m[2m  0.42 kB[22m[1m[22m[2m │ gzip:   0.24 kB[22m
[2mdist/[22m[36massets/allowance-rate-matrix-CHZZp6rS.js         [39m[1m[2m  1.95 kB[22m[1m[22m[2m │ gzip:   0.72 kB[22m
[2mdist/[22m[36massets/QuestionDialog-BiJ3abB3.js                [39m[1m[2m  2.28 kB[22m[1m[22m[2m │ gzip:   0.94 kB[22m
[2mdist/[22m[36massets/FormSelect-t-pDnuaS.js                    [39m[1m[2m  2.78 kB[22m[1m[22m[2m │ gzip:   1.20 kB[22m
[2mdist/[22m[36massets/DateField-B1OsMQ68.js                     [39m[1m[2m  4.67 kB[22m[1m[22m[2m │ gzip:   1.83 kB[22m
[2mdist/[22m[36massets/calculation-CtmT3ytT.js                   [39m[1m[2m  5.23 kB[22m[1m[22m[2m │ gzip:   2.18 kB[22m
[2mdist/[22m[36massets/AccessHistoryScreen-B2YzY-fu.js           [39m[1m[2m  7.19 kB[22m[1m[22m[2m │ gzip:   2.75 kB[22m
[2mdist/[22m[36massets/WorkforceManagementScreen-ByfzhIt_.js     [39m[1m[2m 35.03 kB[22m[1m[22m[2m │ gzip:   8.50 kB[22m
[2mdist/[22m[36massets/PerformanceManagementScreen-ZM0Q7Re_.js   [39m[1m[2m 37.47 kB[22m[1m[22m[2m │ gzip:   9.62 kB[22m
[2mdist/[22m[36massets/ScheduleManagementScreen-CC0tnmfD.js      [39m[1m[2m 39.72 kB[22m[1m[22m[2m │ gzip:  10.96 kB[22m
[2mdist/[22m[36massets/DashboardScreen-BpR0FsZV.js               [39m[1m[2m 44.85 kB[22m[1m[22m[2m │ gzip:  13.04 kB[22m
[2mdist/[22m[36massets/AllowanceManagementScreen-CD8VoQKh.js     [39m[1m[2m 70.71 kB[22m[1m[22m[2m │ gzip:  16.22 kB[22m
[2mdist/[22m[36massets/SiteManagementScreen-C7F1cjr-.js          [39m[1m[2m 99.90 kB[22m[1m[22m[2m │ gzip:  26.54 kB[22m
[2mdist/[22m[36massets/ShiftPatternManagementScreen-DBbt9GmK.js  [39m[1m[2m140.99 kB[22m[1m[22m[2m │ gzip:  32.11 kB[22m
[2mdist/[22m[36massets/vendor-zrender-CTWJMUXd.js                [39m[1m[2m174.21 kB[22m[1m[22m[2m │ gzip:  57.68 kB[22m
[2mdist/[22m[36massets/vendor-react-BaXnLZmA.js                  [39m[1m[2m192.49 kB[22m[1m[22m[2m │ gzip:  60.35 kB[22m
[2mdist/[22m[36massets/index-DwhS8giL.js                         [39m[1m[2m271.19 kB[22m[1m[22m[2m │ gzip:  53.47 kB[22m
[2mdist/[22m[36massets/vendor-echarts-Bgfq7Mil.js                [39m[1m[2m385.35 kB[22m[1m[22m[2m │ gzip: 131.40 kB[22m
[32m✓ built in 8.56s[39m

> shiftmgmt-v3-4@0.4.4 build:electron
> tsc -p tsconfig.electron.json

  • electron-builder  version=26.8.1 os=10.0.26200
  • loaded configuration  file=package.json ("build" field)
  • skipped dependencies rebuild  reason=npmRebuild is set to false
  • packaging       platform=win32 arch=x64 electron=41.2.1 appOutDir=release\win-unpacked
  • searching for node modules  pm=npm searchDir=C:\Projects\Active\ShiftMgmt_V3.4
(node:9088) [DEP0190] DeprecationWarning: Passing args to a child process with shell option true can lead to security vulnerabilities, as the arguments are not escaped, only concatenated.
(Use `node --trace-deprecation ...` to show where the warning was created)
  • duplicate dependency references  dependencies=["once@1.4.0","readable-stream@3.6.2","readable-stream@3.6.2","once@1.4.0","readable-stream@3.6.2","glob@7.2.3","lazystream@1.0.1","readable-stream@3.6.2","readable-stream@3.6.2","readable-stream@3.6.2","readable-stream@3.6.2","glob@7.2.3"]
  • updating asar integrity executable resource  executablePath=release\win-unpacked\ShiftMgmt.exe
AFTER_PACK_ICON_OK executable=C:\Projects\Active\ShiftMgmt_V3.4\release\win-unpacked\ShiftMgmt.exe icon=C:\Projects\Active\ShiftMgmt_V3.4\build\icon.ico
  • building        target=nsis file=release\ShiftMgmt-Setup-0.4.4-x64.exe archs=x64 oneClick=false perMachine=false
  • signing with signtool.exe  path=release\ShiftMgmt-Setup-0.4.4-x64.__uninstaller.exe
  • signing with signtool.exe  path=release\ShiftMgmt-Setup-0.4.4-x64.exe
  • building block map  blockMapFile=release\ShiftMgmt-Setup-0.4.4-x64.exe.blockmap
